// Jest Snapshot v1, https://goo.gl/fbAQLP

exports[`Should display 3 countries on the screen 1`] = `
Object {
  "users": Object {
    "current_user": Object {
      "id": 68,
      "name": "Teddy",
    },
    "error": null,
    "loading": false,
    "status": "idle",
  },
}
`;
